[medialoot.com/preview/lumino/indexaf8e.html]
[backblue.gif]
[fade.gif]
[index.html]
[medialoot.com/preview/lumino/css/bootstrap.min.css]
[medialoot.com/preview/lumino/css/font-awesome.min.css]
[medialoot.com/preview/lumino/css/datepicker3.css]
[medialoot.com/preview/lumino/css/styles.css]
[medialoot.com/preview/lumino/profile.html]
[medialoot.com/preview/lumino/index.html]
[medialoot.com/preview/lumino/widgets.html]
[medialoot.com/preview/lumino/charts.html]
[medialoot.com/preview/lumino/elements.html]
[medialoot.com/preview/lumino/panels.html]
[medialoot.com/preview/lumino/login.html]
[medialoot.com/preview/lumino/js/jquery-1.11.1.min.js]
[medialoot.com/preview/lumino/js/bootstrap.min.js]
[medialoot.com/preview/lumino/js/chart.min.js]
[medialoot.com/preview/lumino/js/chart-data.js]
[medialoot.com/preview/lumino/js/easypiechart.js]
[medialoot.com/preview/lumino/js/easypiechart-data.js]
[medialoot.com/preview/lumino/js/bootstrap-datepicker.js]
[medialoot.com/preview/lumino/js/custom.js]
[medialoot.com/preview/lumino/indexaf8e.html]
[medialoot.com/preview/lumino/fonts/glyphicons-halflings-regular.eot]
[medialoot.com/preview/lumino/fonts/glyphicons-halflings-regulard41d.eot]
[medialoot.com/preview/lumino/fonts/glyphicons-halflings-regular.woff2]
[medialoot.com/preview/lumino/fonts/glyphicons-halflings-regular.woff]
[medialoot.com/preview/lumino/fonts/glyphicons-halflings-regular.ttf]
[medialoot.com/preview/lumino/css/bootstrap.min.css]
[medialoot.com/preview/lumino/fonts/glyphicons-halflings-regular.svg]
[medialoot.com/preview/lumino/fonts/fontawesome-webfont3e6e.eot]
[medialoot.com/preview/lumino/fonts/fontawesome-webfont3e6e.woff2]
[medialoot.com/preview/lumino/fonts/fontawesome-webfontd41d.eot]
[medialoot.com/preview/lumino/fonts/fontawesome-webfont3e6e.woff]
[medialoot.com/preview/lumino/fonts/fontawesome-webfont3e6e.ttf]
[medialoot.com/preview/lumino/css/font-awesome.min.css]
[medialoot.com/preview/lumino/css/datepicker3.css]
[medialoot.com/preview/lumino/css/styles.css]
[medialoot.com/preview/lumino/profile.html]
[medialoot.com/preview/lumino/index.html]
[medialoot.com/preview/lumino/widgets.html]
[medialoot.com/preview/lumino/charts.html]
[medialoot.com/preview/lumino/elements.html]
[medialoot.com/preview/lumino/panels.html]
[medialoot.com/preview/lumino/login.html]
[medialoot.com/preview/lumino/fonts/glyphicons-halflings-regular.svg]
[medialoot.com/preview/lumino/fonts/fontawesome-webfont3e6e.svg]
[medialoot.com/preview/lumino/fonts/fontawesome-webfont3e6e.svg]
